[transformers] PyTorch was not found. Models won't be available and only tokenizers, configuration and file/data utilities can be used.
warning: The `fitz` API is deprecated and will be removed in future. Use `import pymupdf` instead.
2026-09-04 00:42:23.024 | WARNING  | matharena.tools.paper_search:<module>:22 - Semantic Scholar API key (S2_API_KEY) not set. You may hit rate limits.
2026-09-04 00:42:23.025 | INFO     | __main__:<module>:115 - Initializing runners for competitions: ['hmmt/hmmt_nov_2025']
2026-09-04 00:42:24.334 | INFO     | matharena.runner:__init__:48 - Loaded 1 problems for competition hmmt/hmmt_nov_2025
2026-09-04 00:42:24.334 | INFO     | __main__:<module>:131 - Calling runner for model: t20_s0
2026-09-04 00:42:24.336 | INFO     | matharena.runner:prepare_run:369 - Initializing the solver for t20_s0
2026-09-04 00:42:24.336 | INFO     | matharena.runner:prepare_run:389 - Loading existing runs for t20_s0
2026-09-04 00:42:24.336 | INFO     | matharena.runner:prepare_run:423 - Status file created. Total new runs in the batch sent to solver: 1.
2026-09-04 00:42:24.336 | INFO     | __main__:_run_combined_pure_model_group:44 - Running a shared run_queries call for model t20_s0: 1 queries across 1 competitions.
2026-09-04 00:42:24.336 | INFO     | matharena.api_client:run_queries:360 - Running 1 queries.
Printing initial status from logs/status/hmmt/hmmt_nov_2025_t20_s0.txt.
Status as of 2026-09-04 00:42:24
There are 1 problems; doing 1 runs per problem.

Problem   1: - (1 left)

  0%|          | 0/1 [00:00<?, ?it/s]HTTP Request: POST http://127.0.0.1:8585/v1/chat/completions "HTTP/1.1 200 OK"
2026-09-04 00:43:56.890 | INFO     | matharena.runner:process_solver_responses:459 - [t20_s0 @ P1 (ridx=0)] Received a solver response, analyzing...
2026-09-04 00:43:56.891 | INFO     | matharena.runner:process_solver_responses:471 - [t20_s0 @ P1 (ridx=0)] Extracted last message role=assistant.
2026-09-04 00:43:56.892 | INFO     | matharena.runner:process_solver_responses:493 - [t20_s0 @ P1 (ridx=0)] Extracting and grading the answer...
2026-09-04 00:43:56.895 | INFO     | matharena.runner:process_solver_responses:524 - [t20_s0 @ P1 (ridx=0)] Adding the run to problem runs.
2026-09-04 00:43:56.895 | INFO     | matharena.runner:process_solver_responses:528 - [t20_s0 @ P1 (ridx=0)] Successfully added a run and updated status. Saving runs to file.
2026-09-04 00:43:56.896 | INFO     | matharena.runner:process_solver_responses:536 - Problem 1 is done. 1 runs completed. Gold answer: 3.
100%|██████████| 1/1 [01:32<00:00, 92.56s/it]100%|██████████| 1/1 [01:32<00:00, 92.56s/it]
Done. Printing final status from logs/status/hmmt/hmmt_nov_2025_t20_s0.txt.
Status as of 2026-09-04 00:43:56
There are 1 problems; doing 1 runs per problem.

Problem   1: O (0 left)

